[ 2023-02-28 22:19:54,499 ] 17 root - INFO - Reading contents of configure file!
[ 2023-02-28 22:20:05,437 ] 17 root - INFO - Reading contents of configure file!
[ 2023-02-28 22:20:18,641 ] 17 root - INFO - Reading contents of configure file!
[ 2023-02-28 22:20:20,916 ] 17 root - INFO - Reading contents of configure file!
[ 2023-02-28 22:20:20,917 ] 20 root - INFO - Mongodb Connection Established
[ 2023-02-28 22:20:41,076 ] 17 root - INFO - Reading contents of configure file!
[ 2023-02-28 22:20:41,079 ] 17 root - INFO - Reading contents of configure file!
[ 2023-02-28 22:20:46,608 ] 17 root - INFO - Reading contents of configure file!
[ 2023-02-28 22:20:46,928 ] 17 root - INFO - Reading contents of configure file!
[ 2023-02-28 22:20:47,027 ] 17 root - INFO - Reading contents of configure file!
[ 2023-02-28 22:28:50,228 ] 25 root - INFO - 80 : Sucessfully entered Project Details!
[ 2023-02-28 22:28:51,924 ] 74 root - INFO - Project actions performed for: 80!
[ 2023-02-28 22:28:53,078 ] 20 root - INFO - Mongodb Connection Established
[ 2023-02-28 22:29:03,645 ] 113 root - INFO - All records deleted. Total time taken: 2.177002191543579 seconds.
[ 2023-02-28 22:29:11,982 ] 88 root - INFO - Your data is sucessfully uploaded. Total time taken: 3.937998056411743 seconds.
[ 2023-02-28 22:29:16,238 ] 62 root - INFO - 80 details uploaded successfully for Feature Engineering!
[ 2023-02-28 22:31:46,083 ] 20 root - INFO - Mongodb Connection Established
[ 2023-02-28 22:31:56,341 ] 113 root - INFO - All records deleted. Total time taken: 2.117994546890259 seconds.
[ 2023-02-28 22:32:03,335 ] 88 root - INFO - Your data is sucessfully uploaded. Total time taken: 2.86499285697937 seconds.
[ 2023-02-28 22:32:06,375 ] 84 root - INFO - Fetching categorical and numerical columns!
[ 2023-02-28 22:32:06,407 ] 62 root - INFO - 80 details uploaded successfully for Feature Engineering!
[ 2023-02-28 22:32:13,734 ] 48 root - INFO - Label/Ordinal Encoder implemented!
[ 2023-02-28 22:32:21,735 ] 20 root - INFO - Mongodb Connection Established
[ 2023-02-28 22:32:32,083 ] 113 root - INFO - All records deleted. Total time taken: 2.1090376377105713 seconds.
[ 2023-02-28 22:32:39,070 ] 88 root - INFO - Your data is sucessfully uploaded. Total time taken: 2.9050180912017822 seconds.
[ 2023-02-28 22:32:42,072 ] 84 root - INFO - Fetching categorical and numerical columns!
[ 2023-02-28 22:32:42,142 ] 56 root - INFO - Pandas get_dummies implemented!
[ 2023-02-28 22:32:42,666 ] 102 root - INFO - removed temp files successfully!
[ 2023-02-28 22:32:42,866 ] 125 root - INFO - DataFrame updated successfully!
[ 2023-02-28 22:32:42,866 ] 74 root - INFO - Project actions performed for: 80!
[ 2023-02-28 22:32:43,787 ] 20 root - INFO - Mongodb Connection Established
[ 2023-02-28 22:33:25,894 ] 115 root - ERROR - Error:No primary available for writes, Timeout: 30s, Topology Description: <TopologyDescription id: 63fe33bb89bc7c0e23011345, topology_type: ReplicaSetNoPrimary, servers: [<ServerDescription ('ac-4wikiyo-shard-00-00.noqizbf.mongodb.net', 27017) server_type: RSSecondary, rtt: 0.21816000000006172>, <ServerDescription ('ac-4wikiyo-shard-00-01.noqizbf.mongodb.net', 27017) server_type: Unknown, rtt: None, error=NetworkTimeout('ac-4wikiyo-shard-00-01.noqizbf.mongodb.net:27017: timed out')>, <ServerDescription ('ac-4wikiyo-shard-00-02.noqizbf.mongodb.net', 27017) server_type: RSSecondary, rtt: 0.2180000000007567>]>
[ 2023-02-28 22:34:28,484 ] 222 django.request - ERROR - Internal Server Error: /FE/scaler/
Traceback (most recent call last):
  File "C:\Users\suhai\Newz\neuro-project-engineering\FeatureEngineering\views.py", line 186, in get
    if len(df.columns[df.dtypes == 'category']) > 0 or len(df.columns[df.dtypes == 'object']) > 0:
AttributeError: 'ServerSelectionTimeoutError' object has no attribute 'columns'

During handling of the above exception, another exception occurred:

Traceback (most recent call last):
  File "C:\Users\suhai\anaconda3\envs\test\lib\site-packages\django\core\handlers\exception.py", line 34, in inner
    response = get_response(request)
  File "C:\Users\suhai\anaconda3\envs\test\lib\site-packages\django\core\handlers\base.py", line 115, in _get_response
    response = self.process_exception_by_middleware(e, request)
  File "C:\Users\suhai\anaconda3\envs\test\lib\site-packages\django\core\handlers\base.py", line 113, in _get_response
    response = wrapped_callback(request, *callback_args, **callback_kwargs)
  File "C:\Users\suhai\anaconda3\envs\test\lib\site-packages\django\views\generic\base.py", line 71, in view
    return self.dispatch(request, *args, **kwargs)
  File "C:\Users\suhai\anaconda3\envs\test\lib\site-packages\django\views\generic\base.py", line 97, in dispatch
    return handler(request, *args, **kwargs)
  File "C:\Users\suhai\Newz\neuro-project-engineering\FeatureEngineering\views.py", line 222, in get
    raise Exception(e)
Exception: 'ServerSelectionTimeoutError' object has no attribute 'columns'
[ 2023-02-28 22:35:49,493 ] 203 django.utils.autoreload - INFO - C:\Users\suhai\Newz\neuro-project-engineering\NeuroProject\settings.py changed, reloading.
